// Jest Snapshot v1, https://goo.gl/fbAQLP

exports[`Can create iopipe handler file 1`] = `
"const iopipe = require('iopipe')({token: 'TEST_TOKEN'});

exports['simple'] = iopipe(require('./handlers/simple').handler);
exports['multiple'] = iopipe(require('./handlers/multiple').handler);
exports['multipleDifferentHandler'] = iopipe(require('./handlers/multiple').differentNameHandler);
exports['es5'] = iopipe(require('./handlers/es5').handler);
exports['multiple-dots-in-name'] = iopipe(require('./handlers/multiple.dots.in.name').handler);
exports['noModule'] = iopipe(require('./handlers/noModule').handler);"
`;
